// Jest Snapshot v1, https://goo.gl/fbAQLP

exports[`Delete breakpoint basic 1`] = `
Object {
  "children": Array [
    Object {
      "children": Array [
        Object {
          "children": Array [],
          "component": "Box",
          "cssRules": Array [],
          "id": "3",
        },
      ],
      "component": "Box",
      "cssRules": Array [
        Object {
          "breakpoint": "do not delete",
          "style": Object {},
        },
      ],
      "id": "2",
    },
  ],
  "component": "Box",
  "cssRules": Array [],
  "id": "1",
}
`;
