// Jest Snapshot v1, https://goo.gl/fbAQLP

exports[`Delete instance div 1 > div 2 > [div 3] 1`] = `
Object {
  "children": Array [
    Object {
      "children": Array [],
      "component": "Box",
      "cssRules": Array [],
      "id": "2",
    },
  ],
  "component": "Box",
  "cssRules": Array [],
  "id": "1",
}
`;

exports[`Delete instance div 1 > div 2, [div 3] 1`] = `
Object {
  "children": Array [
    Object {
      "children": Array [],
      "component": "Box",
      "cssRules": Array [],
      "id": "2",
    },
  ],
  "component": "Box",
  "cssRules": Array [],
  "id": "1",
}
`;
